Analysis initiated from SIMULIA established products
Abaqus JOB nat_freq
Abaqus 2020
Abaqus License Manager checked out the following licenses:
Abaqus/Foundation checked out 5 tokens from Flexnet server BBR.
<1019 out of 1024 licenses remain available>.
Begin Analysis Input File Processor
2025-04-14 12:13:12 PM
Run pre.exe
2025-04-14 12:13:16 PM
End Analysis Input File Processor
Begin Abaqus/Standard Analysis
2025-04-14 12:13:16 PM
Run standard.exe
2025-04-14 12:13:22 PM
End Abaqus/Standard Analysis
Begin SIM Wrap-up
2025-04-14 12:13:24 PM
Run SMASimUtility.exe
2025-04-14 12:13:25 PM
End SIM Wrap-up
Abaqus JOB nat_freq COMPLETED
